~/K8s/kubernetes_15step $ ls
README  bug-fix
~/K8s/kubernetes_15step $ ssh -T git@github.com
Hi testbed123! You've successfully authenticated, but GitHub does not provide shell access.
~/K8s/kubernetes_15step $ git add .
~/K8s/kubernetes_15step $ git status
On branch master
Your branch is up to date with 'origin/master'.

Changes to be committed:
  (use "git restore --staged <file>..." to unstage)
	modified:   bug-fix/vagrant-kubernetes/main.yml

~/K8s/kubernetes_15step $ git commit -m "vagrant-kubernetes fix"
[master 2b7807c] vagrant-kubernetes fix
 1 file changed, 8 insertions(+), 5 deletions(-)
~/K8s/kubernetes_15step $ git status
On branch master
Your branch is ahead of 'origin/master' by 1 commit.
  (use "git push" to publish your local commits)

nothing to commit, working tree clean
~/K8s/kubernetes_15step $ git push origin master
Enumerating objects: 9, done.
Counting objects: 100% (9/9), done.
Delta compression using up to 12 threads
Compressing objects: 100% (4/4), done.
Writing objects: 100% (5/5), 480 bytes | 480.00 KiB/s, done.
Total 5 (delta 2), reused 0 (delta 0), pack-reused 0
remote: Resolving deltas: 100% (2/2), completed with 2 local objects.
To github.com:testbed123/kubernetes_15step.git
   ded1b73..2b7807c  master -> master
~/K8s/kubernetes_15step $ 

